
131

79

134

156

63

175

234
Malicious website! Official key: 17. Found key: 14
