
131

79

134

156

63

175

234
Website not found!
Website safe!
Malicious website! Official key: 9. Found key: 206
Website safe!
Malicious website! Official key: 117. Found key: 241
Website safe!
Malicious website! Official key: 17. Found key: 14
Website safe!
