
131

79

134

156

63

175

234
Malicious website! Official key: 117. Found key: 241
